
Memory Configuration

Name             Origin             Length             Attributes
flash            0x00000000         0x20000000         xr
sram             0x20000000         0x20000000         xrw
*default*        0x00000000         0xffffffff

Linker script and memory map


.text           0x00000000      0x14c
 *(.vectors*)
 .vectors       0x00000000       0x1c startup2.o
                0x00000000                g_p_fn_vectors
 *(.text*)
 .text          0x0000001c       0x8c main.o
                0x0000001c                main
 .text          0x000000a8       0xa4 startup2.o
                0x000000a8                MM_Handler
                0x000000a8                H_Fault_Handler
                0x000000a8                Usage_Fault_Handler
                0x000000a8                Default_handler
                0x000000a8                Bus_Handler
                0x000000a8                NMI_Handler
                0x000000b4                Rest_Handler
                0x000000c4                init_sect
 *(.rodata*)
                0x0000014c                . = ALIGN (0x4)
                0x0000014c                _E_text = .

.glue_7         0x0000014c        0x0
 .glue_7        0x0000014c        0x0 linker stubs

.glue_7t        0x0000014c        0x0
 .glue_7t       0x0000014c        0x0 linker stubs

.vfp11_veneer   0x0000014c        0x0
 .vfp11_veneer  0x0000014c        0x0 linker stubs

.v4_bx          0x0000014c        0x0
 .v4_bx         0x0000014c        0x0 linker stubs

.iplt           0x0000014c        0x0
 .iplt          0x0000014c        0x0 startup2.o

.rel.dyn        0x0000014c        0x0
 .rel.iplt      0x0000014c        0x0 startup2.o

.data           0x20000000        0x0 load address 0x0000014c
                0x20000000                _S_DATA = .
 *(.data)
 .data          0x20000000        0x0 main.o
 .data          0x20000000        0x0 startup2.o
                0x20000000                . = ALIGN (0x4)
                0x20000000                _E_DATA = .

.igot.plt       0x20000000        0x0 load address 0x0000014c
 .igot.plt      0x20000000        0x0 startup2.o

.bss            0x20000000      0x400 load address 0x0000014c
                0x20000000                _S_BSS = .
 *(.bss)
 .bss           0x20000000        0x0 main.o
 .bss           0x20000000      0x400 startup2.o
 *(.COMMON)
                0x20000400                . = ALIGN (0x4)
                0x20000400                _E_BSS = .
LOAD main.o
LOAD startup2.o
OUTPUT(learn-in-depth_lap_4.elf elf32-littlearm)
LOAD linker stubs

.debug_info     0x00000000      0x2ea
 .debug_info    0x00000000       0xf8 main.o
 .debug_info    0x000000f8      0x1f2 startup2.o

.debug_abbrev   0x00000000      0x171
 .debug_abbrev  0x00000000       0x83 main.o
 .debug_abbrev  0x00000083       0xee startup2.o

.debug_loc      0x00000000       0xec
 .debug_loc     0x00000000       0x38 main.o
 .debug_loc     0x00000038       0xb4 startup2.o

.debug_aranges  0x00000000       0x40
 .debug_aranges
                0x00000000       0x20 main.o
 .debug_aranges
                0x00000020       0x20 startup2.o

.debug_line     0x00000000      0x16b
 .debug_line    0x00000000       0xa9 main.o
 .debug_line    0x000000a9       0xc2 startup2.o

.debug_str      0x00000000      0x1e5
 .debug_str     0x00000000      0x14f main.o
                                0x170 (size before relaxing)
 .debug_str     0x0000014f       0x96 startup2.o
                                0x206 (size before relaxing)

.comment        0x00000000       0x49
 .comment       0x00000000       0x49 main.o
                                 0x4a (size before relaxing)
 .comment       0x00000049       0x4a startup2.o

.ARM.attributes
                0x00000000       0x2e
 .ARM.attributes
                0x00000000       0x2e main.o
 .ARM.attributes
                0x0000002e       0x2e startup2.o

.debug_frame    0x00000000       0x9c
 .debug_frame   0x00000000       0x2c main.o
 .debug_frame   0x0000002c       0x70 startup2.o
