
Memory Configuration

Name             Origin             Length             Attributes
flash            0x08000000         0x20000000         xr
sram             0x20000000         0x20000000         xrw
*default*        0x00000000         0xffffffff

Linker script and memory map


.text           0x08000000      0x424
 *(.vectors*)
 .vectors       0x08000000       0x1c startup.o
                0x08000000                vectors
 *(.text*)
 .text          0x0800001c       0xc4 alarm.o
                0x0800001c                alarm_init
                0x08000038                start_alarm
                0x08000054                stop_alarm
                0x08000070                st_alarm_start
                0x080000a0                st_alarm_stop
                0x080000c8                st_alarm_waiting
 .text          0x080000e0       0x7c alarm_monitor.o
                0x080000e0                high_presure_detect
                0x080000fc                st_alarm_off
                0x08000114                st_alarm_on
                0x08000138                st_timer_waiting
 .text          0x0800015c       0x80 detect.o
                0x0800015c                set_pressure_val
                0x08000188                st_pressure_detect
 .text          0x080001dc       0xc4 driver.o
                0x080001dc                Delay
                0x080001fe                getPressureVal
                0x08000214                Set_Alarm_actuator
                0x08000250                GPIO_INITIALIZATION
 .text          0x080002a0       0x64 main.o
                0x080002a0                setup
                0x080002d0                main
 .text          0x08000304       0x7c pressure_sensor.o
                0x08000304                pre_sen_init
                0x08000320                st_read_pressure
                0x0800035c                st_waiting
 .text          0x08000380       0xa4 startup.o
                0x08000380                MM_Handler
                0x08000380                H_Fault_Handler
                0x08000380                Usage_Fault_Handler
                0x08000380                Default_handler
                0x08000380                Bus_Handler
                0x08000380                NMI_Handler
                0x0800038c                Rest_Handler
                0x0800039c                init_sect
 *(.rodata*)
                0x08000424                . = ALIGN (0x4)
                0x08000424                _E_text = .

.glue_7         0x08000424        0x0
 .glue_7        0x08000424        0x0 linker stubs

.glue_7t        0x08000424        0x0
 .glue_7t       0x08000424        0x0 linker stubs

.vfp11_veneer   0x08000424        0x0
 .vfp11_veneer  0x08000424        0x0 linker stubs

.v4_bx          0x08000424        0x0
 .v4_bx         0x08000424        0x0 linker stubs

.iplt           0x08000424        0x0
 .iplt          0x08000424        0x0 alarm.o

.rel.dyn        0x08000424        0x0
 .rel.iplt      0x08000424        0x0 alarm.o

.data           0x20000000        0x4 load address 0x08000424
                0x20000000                _S_DATA = .
 *(.data)
 .data          0x20000000        0x0 alarm.o
 .data          0x20000000        0x0 alarm_monitor.o
 .data          0x20000000        0x1 detect.o
                0x20000000                threshold
 .data          0x20000001        0x0 driver.o
 .data          0x20000001        0x0 main.o
 .data          0x20000001        0x0 pressure_sensor.o
 .data          0x20000001        0x0 startup.o
                0x20000004                . = ALIGN (0x4)
 *fill*         0x20000001        0x3 
                0x20000004                _E_DATA = .

.igot.plt       0x20000004        0x0 load address 0x08000428
 .igot.plt      0x20000004        0x0 alarm.o

.bss            0x20000004       0x28 load address 0x08000428
                0x20000004                _S_BSS = .
 *(.bss)
 .bss           0x20000004        0x5 alarm.o
                0x20000004                alarm_st
                0x20000008                alarm_st_id
 *fill*         0x20000009        0x3 
 .bss           0x2000000c        0x5 alarm_monitor.o
                0x2000000c                alr_mon_st
                0x20000010                alr_mon_st_id
 *fill*         0x20000011        0x3 
 .bss           0x20000014        0x9 detect.o
                0x20000014                pre_val
                0x20000015                last_val
                0x20000018                detect_st
                0x2000001c                detect_st_id
 .bss           0x2000001d        0x0 driver.o
 .bss           0x2000001d        0x0 main.o
 *fill*         0x2000001d        0x3 
 .bss           0x20000020        0x9 pressure_sensor.o
                0x20000020                pval
                0x20000024                pre_st
                0x20000028                pre_state_id
 .bss           0x20000029        0x0 startup.o
 *(.COMMON)
                0x2000002c                . = ALIGN (0x4)
 *fill*         0x20000029        0x3 
                0x2000002c                _E_BSS = .
                0x2000102c                . = (. + 0x1000)
                0x2000102c                stack_top = .
LOAD alarm.o
LOAD alarm_monitor.o
LOAD detect.o
LOAD driver.o
LOAD main.o
LOAD pressure_sensor.o
LOAD startup.o
OUTPUT(pressure_detector.elf elf32-littlearm)
LOAD linker stubs

.debug_info     0x00000000      0x955
 .debug_info    0x00000000      0x17e alarm.o
 .debug_info    0x0000017e      0x152 alarm_monitor.o
 .debug_info    0x000002d0      0x15b detect.o
 .debug_info    0x0000042b      0x112 driver.o
 .debug_info    0x0000053d       0xfd main.o
 .debug_info    0x0000063a      0x154 pressure_sensor.o
 .debug_info    0x0000078e      0x1c7 startup.o

.debug_abbrev   0x00000000      0x54d
 .debug_abbrev  0x00000000       0xbc alarm.o
 .debug_abbrev  0x000000bc       0xbc alarm_monitor.o
 .debug_abbrev  0x00000178       0xd7 detect.o
 .debug_abbrev  0x0000024f       0xc3 driver.o
 .debug_abbrev  0x00000312       0x84 main.o
 .debug_abbrev  0x00000396       0xdc pressure_sensor.o
 .debug_abbrev  0x00000472       0xdb startup.o

.debug_loc      0x00000000      0x5d0
 .debug_loc     0x00000000      0x168 alarm.o
 .debug_loc     0x00000168       0xe0 alarm_monitor.o
 .debug_loc     0x00000248       0x88 detect.o
 .debug_loc     0x000002d0      0x140 driver.o
 .debug_loc     0x00000410       0x58 main.o
 .debug_loc     0x00000468       0xb4 pressure_sensor.o
 .debug_loc     0x0000051c       0xb4 startup.o

.debug_aranges  0x00000000       0xe0
 .debug_aranges
                0x00000000       0x20 alarm.o
 .debug_aranges
                0x00000020       0x20 alarm_monitor.o
 .debug_aranges
                0x00000040       0x20 detect.o
 .debug_aranges
                0x00000060       0x20 driver.o
 .debug_aranges
                0x00000080       0x20 main.o
 .debug_aranges
                0x000000a0       0x20 pressure_sensor.o
 .debug_aranges
                0x000000c0       0x20 startup.o

.debug_line     0x00000000      0x4b5
 .debug_line    0x00000000       0x7a alarm.o
 .debug_line    0x0000007a       0x7b alarm_monitor.o
 .debug_line    0x000000f5       0x7e detect.o
 .debug_line    0x00000173      0x14f driver.o
 .debug_line    0x000002c2       0xa8 main.o
 .debug_line    0x0000036a       0x8a pressure_sensor.o
 .debug_line    0x000003f4       0xc1 startup.o

.debug_str      0x00000000      0x407
 .debug_str     0x00000000      0x1c7 alarm.o
                                0x22c (size before relaxing)
 .debug_str     0x000001c7       0x75 alarm_monitor.o
                                0x224 (size before relaxing)
 .debug_str     0x0000023c       0x77 detect.o
                                0x1f1 (size before relaxing)
 .debug_str     0x000002b3       0x57 driver.o
                                0x1e1 (size before relaxing)
 .debug_str     0x0000030a       0x19 main.o
                                0x1c5 (size before relaxing)
 .debug_str     0x00000323       0x55 pressure_sensor.o
                                0x20b (size before relaxing)
 .debug_str     0x00000378       0x8f startup.o
                                0x20c (size before relaxing)

.comment        0x00000000       0x49
 .comment       0x00000000       0x49 alarm.o
                                 0x4a (size before relaxing)
 .comment       0x00000049       0x4a alarm_monitor.o
 .comment       0x00000049       0x4a detect.o
 .comment       0x00000049       0x4a driver.o
 .comment       0x00000049       0x4a main.o
 .comment       0x00000049       0x4a pressure_sensor.o
 .comment       0x00000049       0x4a startup.o

.ARM.attributes
                0x00000000       0x2d
 .ARM.attributes
                0x00000000       0x2d alarm.o
 .ARM.attributes
                0x0000002d       0x2d alarm_monitor.o
 .ARM.attributes
                0x0000005a       0x2d detect.o
 .ARM.attributes
                0x00000087       0x2d driver.o
 .ARM.attributes
                0x000000b4       0x2d main.o
 .ARM.attributes
                0x000000e1       0x2d pressure_sensor.o
 .ARM.attributes
                0x0000010e       0x2d startup.o

.debug_frame    0x00000000      0x368
 .debug_frame   0x00000000       0xc8 alarm.o
 .debug_frame   0x000000c8       0x88 alarm_monitor.o
 .debug_frame   0x00000150       0x54 detect.o
 .debug_frame   0x000001a4       0xa0 driver.o
 .debug_frame   0x00000244       0x48 main.o
 .debug_frame   0x0000028c       0x6c pressure_sensor.o
 .debug_frame   0x000002f8       0x70 startup.o
