
Memory Configuration

Name             Origin             Length             Attributes
flash            0x08000000         0x20000000         xr
sram             0x20000000         0x20000000         xrw
*default*        0x00000000         0xffffffff

Linker script and memory map


.text           0x08000000      0x13c
 *(.vectors*)
 .vectors       0x08000000       0x1c startup2.o
                0x08000000                vectors
 *(.text*)
 .text          0x0800001c       0x7c main.o
                0x0800001c                main
 .text          0x08000098       0xa4 startup2.o
                0x08000098                MM_Handler
                0x08000098                H_Fault_Handler
                0x08000098                Usage_Fault_Handler
                0x08000098                Default_handler
                0x08000098                Bus_Handler
                0x08000098                NMI_Handler
                0x080000a4                Rest_Handler
                0x080000b4                init_sect
 *(.rodata*)
                0x0800013c                . = ALIGN (0x4)
                0x0800013c                _E_text = .

.glue_7         0x0800013c        0x0
 .glue_7        0x0800013c        0x0 linker stubs

.glue_7t        0x0800013c        0x0
 .glue_7t       0x0800013c        0x0 linker stubs

.vfp11_veneer   0x0800013c        0x0
 .vfp11_veneer  0x0800013c        0x0 linker stubs

.v4_bx          0x0800013c        0x0
 .v4_bx         0x0800013c        0x0 linker stubs

.iplt           0x0800013c        0x0
 .iplt          0x0800013c        0x0 startup2.o

.rel.dyn        0x0800013c        0x0
 .rel.iplt      0x0800013c        0x0 startup2.o

.data           0x20000000        0x4 load address 0x0800013c
                0x20000000                _S_DATA = .
 *(.data)
 .data          0x20000000        0x4 main.o
                0x20000000                R_ODR
 .data          0x20000004        0x0 startup2.o
                0x20000004                . = ALIGN (0x4)
                0x20000004                _E_DATA = .

.igot.plt       0x20000004        0x0 load address 0x08000140
 .igot.plt      0x20000004        0x0 startup2.o

.bss            0x20000004        0x4 load address 0x08000140
                0x20000004                _S_BSS = .
 *(.bss)
 .bss           0x20000004        0x4 main.o
                0x20000004                x
 .bss           0x20000008        0x0 startup2.o
 *(.COMMON)
                0x20000008                . = ALIGN (0x4)
                0x20000008                _E_BSS = .
                0x20001008                . = (. + 0x1000)
                0x20001008                stack_top = .
LOAD main.o
LOAD startup2.o
OUTPUT(learn-in-depth.elf elf32-littlearm)
LOAD linker stubs

.debug_info     0x00000000      0x341
 .debug_info    0x00000000      0x17a main.o
 .debug_info    0x0000017a      0x1c7 startup2.o

.debug_abbrev   0x00000000      0x1de
 .debug_abbrev  0x00000000      0x103 main.o
 .debug_abbrev  0x00000103       0xdb startup2.o

.debug_loc      0x00000000       0xec
 .debug_loc     0x00000000       0x38 main.o
 .debug_loc     0x00000038       0xb4 startup2.o

.debug_aranges  0x00000000       0x40
 .debug_aranges
                0x00000000       0x20 main.o
 .debug_aranges
                0x00000020       0x20 startup2.o

.debug_line     0x00000000      0x151
 .debug_line    0x00000000       0x8f main.o
 .debug_line    0x0000008f       0xc2 startup2.o

.debug_str      0x00000000      0x20e
 .debug_str     0x00000000      0x17f main.o
                                0x1a0 (size before relaxing)
 .debug_str     0x0000017f       0x8f startup2.o
                                0x1fe (size before relaxing)

.comment        0x00000000       0x49
 .comment       0x00000000       0x49 main.o
                                 0x4a (size before relaxing)
 .comment       0x00000049       0x4a startup2.o

.ARM.attributes
                0x00000000       0x2d
 .ARM.attributes
                0x00000000       0x2d main.o
 .ARM.attributes
                0x0000002d       0x2d startup2.o

.debug_frame    0x00000000       0x9c
 .debug_frame   0x00000000       0x2c main.o
 .debug_frame   0x0000002c       0x70 startup2.o
